Exporter version: 6.2.0, Blender version: 2.80 (sub 75)
========= Conversion from Blender to Babylon.js =========
	Scene settings used :
		inline textures     :  false
		Material Type       :  PBR
		Positions Precision :  4
		Normals Precision   :  3
		UVs Precision       :  3
		Vert Color Precision:  3
		Mat Weight Precision:  2
		texture directory   :  /Users/arturo/Documents/repo/Babylon/test/
	Python World class constructor completed
	WARNING: The following camera not visible in scene thus ignored: Camera
	processing begun of mesh:  Plane
		WARNING: No materials have been assigned: 
		num positions      :  4
		num normals        :  4
		num tangents       :  0
		num uvs            :  8
		num uvs2           :  0
		num colors         :  0
		num indices        :  6
	processing begun of mesh:  Cube
		WARNING: No materials have been assigned: 
		num positions      :  25
		num normals        :  25
		num tangents       :  0
		num uvs            :  50
		num uvs2           :  0
		num colors         :  0
		num indices        :  30
	processing begun of mesh:  Cube.001
		WARNING: No materials have been assigned: 
		num positions      :  29
		num normals        :  29
		num tangents       :  0
		num uvs            :  58
		num uvs2           :  0
		num colors         :  0
		num indices        :  36
	processing begun of light (HEMI FROM AREA):  Area
========= Writing of JSON file started =========
	writing mesh:  Plane
	writing mesh:  Cube
	writing mesh:  Cube.001
========= Writing of JSON file completed =========
========= end of processing =========
elapsed time:  0 min, 0.0152 secs
